%!Adobe-FontList 1.20
%Locale:0x809

%BeginFont
Handler:DirectoryHandler
FontType:Invalid
OutlineFileName:C:\Users\Chemistry-graphics\OneDrive - Chemistry Marketing (North East) Limited\quantum\J001481---Quantum-Festive-Opening-Hours-Aseptics\prep\Aseptic\Document fonts\HelveNeuBol
FileModTime:1541509457
%EndFont

%BeginFont
Handler:DirectoryHandler
FontType:Invalid
OutlineFileName:C:\Users\Chemistry-graphics\OneDrive - Chemistry Marketing (North East) Limited\quantum\J001481---Quantum-Festive-Opening-Hours-Aseptics\prep\Aseptic\Document fonts\HelveNeuLig
FileModTime:1541509457
%EndFont

%BeginFont
Handler:DirectoryHandler
FontType:Invalid
OutlineFileName:C:\Users\Chemistry-graphics\OneDrive - Chemistry Marketing (North East) Limited\quantum\J001481---Quantum-Festive-Opening-Hours-Aseptics\prep\Aseptic\Document fonts\HelveticaNeue
FileModTime:1541509457
%EndFont

%BeginFont
Handler:DirectoryHandler
FontType:Invalid
OutlineFileName:C:\Users\Chemistry-graphics\OneDrive - Chemistry Marketing (North East) Limited\quantum\J001481---Quantum-Festive-Opening-Hours-Aseptics\prep\Aseptic\Document fonts\Helvetica_Neue_3
FileModTime:1541509457
%EndFont

